// Jest Snapshot v1, https://goo.gl/fbAQLP

exports[`Snap <NewPoll /> snap <NewPoll /> component successfully 1`] = `
Object {
  "asFragment": [Function],
  "baseElement": <body>
    <div>
      <div
        class="mb-20"
      >
        <h3
          class="center"
        >
          Would You Rather
        </h3>
        <p
          class="center"
        >
          Create your own poll
        </p>
        <form
          class="new-poll"
        >
          <label
            class="center mb-10"
          >
            First Option
          </label>
          <input
            class="mb-20"
            data-testid="first-option-input"
            placeholder="Option One"
            value=""
          />
          <label
            class="center mb-10"
          >
            Second Option
          </label>
          <input
            class="mb-20"
            data-testid="second-option-input"
            placeholder="Option Two"
            value=""
          />
          <button
            class="center"
            disabled=""
            type="submit"
          >
            Submit
          </button>
        </form>
      </div>
    </div>
  </body>,
  "container": <div>
    <div
      class="mb-20"
    >
      <h3
        class="center"
      >
        Would You Rather
      </h3>
      <p
        class="center"
      >
        Create your own poll
      </p>
      <form
        class="new-poll"
      >
        <label
          class="center mb-10"
        >
          First Option
        </label>
        <input
          class="mb-20"
          data-testid="first-option-input"
          placeholder="Option One"
          value=""
        />
        <label
          class="center mb-10"
        >
          Second Option
        </label>
        <input
          class="mb-20"
          data-testid="second-option-input"
          placeholder="Option Two"
          value=""
        />
        <button
          class="center"
          disabled=""
          type="submit"
        >
          Submit
        </button>
      </form>
    </div>
  </div>,
  "debug": [Function],
  "findAllByAltText": [Function],
  "findAllByDisplayValue": [Function],
  "findAllByLabelText": [Function],
  "findAllByPlaceholderText": [Function],
  "findAllByRole": [Function],
  "findAllByTestId": [Function],
  "findAllByText": [Function],
  "findAllByTitle": [Function],
  "findByAltText": [Function],
  "findByDisplayValue": [Function],
  "findByLabelText": [Function],
  "findByPlaceholderText": [Function],
  "findByRole": [Function],
  "findByTestId": [Function],
  "findByText": [Function],
  "findByTitle": [Function],
  "getAllByAltText": [Function],
  "getAllByDisplayValue": [Function],
  "getAllByLabelText": [Function],
  "getAllByPlaceholderText": [Function],
  "getAllByRole": [Function],
  "getAllByTestId": [Function],
  "getAllByText": [Function],
  "getAllByTitle": [Function],
  "getByAltText": [Function],
  "getByDisplayValue": [Function],
  "getByLabelText": [Function],
  "getByPlaceholderText": [Function],
  "getByRole": [Function],
  "getByTestId": [Function],
  "getByText": [Function],
  "getByTitle": [Function],
  "queryAllByAltText": [Function],
  "queryAllByDisplayValue": [Function],
  "queryAllByLabelText": [Function],
  "queryAllByPlaceholderText": [Function],
  "queryAllByRole": [Function],
  "queryAllByTestId": [Function],
  "queryAllByText": [Function],
  "queryAllByTitle": [Function],
  "queryByAltText": [Function],
  "queryByDisplayValue": [Function],
  "queryByLabelText": [Function],
  "queryByPlaceholderText": [Function],
  "queryByRole": [Function],
  "queryByTestId": [Function],
  "queryByText": [Function],
  "queryByTitle": [Function],
  "rerender": [Function],
  "unmount": [Function],
}
`;
